
     Program PWSCF v.7.1 starts on  6May2024 at 18:39:45 

     This program is part of the open-source Quantum ESPRESSO suite
     for quantum simulation of materials; please cite
         "P. Giannozzi et al., J. Phys.:Condens. Matter 21 395502 (2009);
         "P. Giannozzi et al., J. Phys.:Condens. Matter 29 465901 (2017);
         "P. Giannozzi et al., J. Chem. Phys. 152 154105 (2020);
          URL http://www.quantum-espresso.org", 
     in publications or presentations arising from this work. More details at
     http://www.quantum-espresso.org/quote

     Parallel version (MPI), running on     2 processors

     MPI processes distributed on     1 nodes
     13594 MiB available memory on the printing compute node when the environment starts

     Waiting for input...
     Reading input from standard input
Warning: card &CELL ignored
Warning: card / ignored

     Current dimensions of program PWSCF are:
     Max number of different atomic species (ntypx) = 10
     Max number of k-points (npk) =  40000
     Max angular momentum in pseudopotentials (lmaxx) =  4
     file Ba.pbe-spn-kjpaw_psl.1.0.0.UPF: wavefunction(s)  5S 6S renormalized
     file Bi.pbe-dn-kjpaw_psl.1.0.0.UPF: wavefunction(s)  6P 5D renormalized
     file O.pbe-n-kjpaw_psl.1.0.0.UPF: wavefunction(s)  2S 2P renormalized
     Message from routine setup:
     using ibrav=0 with symmetry is DISCOURAGED, use correct ibrav instead

     R & G space division:  proc/nbgrp/npool/nimage =       2
     Subspace diagonalization in iterative solution of the eigenvalue problem:
     a serial algorithm will be used


     Parallelization info
     --------------------
     sticks:   dense  smooth     PW     G-vecs:    dense   smooth      PW
     Min        1562     782    218                65744    23290    3488
     Max        1563     783    219                65747    23295    3491
     Sum        3125    1565    437               131491    46585    6979

     Using Slab Decomposition



     bravais-lattice index     =            0
     lattice parameter (alat)  =       8.3715  a.u.
     unit-cell volume          =     586.6888 (a.u.)^3
     number of atoms/cell      =            5
     number of atomic types    =            3
     number of electrons       =        43.00
     number of Kohn-Sham states=           26
     kinetic-energy cutoff     =      70.0000  Ry
     charge density cutoff     =     560.0000  Ry
     scf convergence threshold =      1.0E-08
     mixing beta               =       0.7000
     number of iterations used =            8  plain     mixing
     energy convergence thresh.=      1.0E-10
     force convergence thresh. =      1.0E-08
     Exchange-correlation= SLA  PW   PBX  PBC
                           (   1   4   3   4   0   0   0)
     nstep                     =           50


     celldm(1)=   8.371487  celldm(2)=   0.000000  celldm(3)=   0.000000
     celldm(4)=   0.000000  celldm(5)=   0.000000  celldm(6)=   0.000000

     crystal axes: (cart. coord. in units of alat)
               a(1) = (   1.000000   0.000000   0.000000 )  
               a(2) = (   0.000000   1.000000   0.000000 )  
               a(3) = (   0.000000   0.000000   1.000000 )  

     reciprocal axes: (cart. coord. in units 2 pi/alat)
               b(1) = (  1.000000  0.000000  0.000000 )  
               b(2) = (  0.000000  1.000000  0.000000 )  
               b(3) = (  0.000000  0.000000  1.000000 )  


     PseudoPot. # 1 for Ba read from file:
     /home/bond/Software/qe-7.1/pseudo/Ba.pbe-spn-kjpaw_psl.1.0.0.UPF
     MD5 check sum: 7cfe25f1fe7574a4710541d5a11d6531
     Pseudo is Projector augmented-wave + core cor, Zval = 10.0
     Generated using &quot;atomic&quot; code by A. Dal Corso  v.6.2.2
     Shape of augmentation charge: PSQ
     Using radial grid of 1251 points,  7 beta functions with: 
                l(1) =   0
                l(2) =   0
                l(3) =   0
                l(4) =   1
                l(5) =   1
                l(6) =   2
                l(7) =   2
     Q(r) pseudized with 0 coefficients 


     PseudoPot. # 2 for Bi read from file:
     /home/bond/Software/qe-7.1/pseudo/Bi.pbe-dn-kjpaw_psl.1.0.0.UPF
     MD5 check sum: 266ded784ae3bc462508ed03f0f37963
     Pseudo is Projector augmented-wave + core cor, Zval = 15.0
     Generated using &quot;atomic&quot; code by A. Dal Corso  v.6.2.2
     Shape of augmentation charge: PSQ
     Using radial grid of 1283 points,  6 beta functions with: 
                l(1) =   0
                l(2) =   0
                l(3) =   1
                l(4) =   1
                l(5) =   2
                l(6) =   2
     Q(r) pseudized with 0 coefficients 


     PseudoPot. # 3 for O  read from file:
     /home/bond/Software/qe-7.1/pseudo/O.pbe-n-kjpaw_psl.1.0.0.UPF
     MD5 check sum: e99d9cef9b487d1ca56f5b95ecd0fd7a
     Pseudo is Projector augmented-wave + core cor, Zval =  6.0
     Generated using &quot;atomic&quot; code by A. Dal Corso  v.6.3
     Shape of augmentation charge: PSQ
     Using radial grid of 1095 points,  4 beta functions with: 
                l(1) =   0
                l(2) =   0
                l(3) =   1
                l(4) =   1
     Q(r) pseudized with 0 coefficients 


     atomic species   valence    mass     pseudopotential
        Ba            10.00   137.32700     Ba( 1.00)
        Bi            15.00   208.98040     Bi( 1.00)
        O              6.00    15.99900     O ( 1.00)

     48 Sym. Ops., with inversion, found



   Cartesian axes

     site n.     atom                  positions (alat units)
         1           Ba  tau(   1) = (   0.5000000   0.5000000   0.5000000  )
         2           Bi  tau(   2) = (   0.0000000   0.0000000   0.0000000  )
         3           O   tau(   3) = (   0.0000000   0.0000000   0.5000000  )
         4           O   tau(   4) = (   0.5000000   0.0000000   0.0000000  )
         5           O   tau(   5) = (   0.0000000   0.5000000   0.0000000  )

     number of k points=    10  Methfessel-Paxton smearing, width (Ry)=  0.0200
                       cart. coord. in units 2pi/alat
        k(    1) = (   0.0000000   0.0000000   0.0000000), wk =   0.0160000
        k(    2) = (   0.0000000   0.0000000   0.2000000), wk =   0.0960000
        k(    3) = (   0.0000000   0.0000000   0.4000000), wk =   0.0960000
        k(    4) = (   0.0000000   0.2000000   0.2000000), wk =   0.1920000
        k(    5) = (   0.0000000   0.2000000   0.4000000), wk =   0.3840000
        k(    6) = (   0.0000000   0.4000000   0.4000000), wk =   0.1920000
        k(    7) = (   0.2000000   0.2000000   0.2000000), wk =   0.1280000
        k(    8) = (   0.2000000   0.2000000   0.4000000), wk =   0.3840000
        k(    9) = (   0.2000000   0.4000000   0.4000000), wk =   0.3840000
        k(   10) = (   0.4000000   0.4000000   0.4000000), wk =   0.1280000

     Dense  grid:   131491 G-vectors     FFT dimensions: (  64,  64,  64)

     Smooth grid:    46585 G-vectors     FFT dimensions: (  45,  45,  45)

     Estimated max dynamical RAM per process >     283.68 MB

     Estimated total dynamical RAM >     567.36 MB

     Initial potential from superposition of free atoms

     starting charge      42.9822, renormalised to      43.0000
     Starting wfcs are   26 randomized atomic wfcs
     Checking if some PAW data can be deallocated... 

     total cpu time spent up to now is        5.7 secs

     Self-consistent Calculation

     iteration #  1     ecut=    70.00 Ry     beta= 0.70
     Davidson diagonalization with overlap
     ethr =  1.00E-02,  avg # of iterations =  2.0

     total cpu time spent up to now is       10.5 secs

     total energy              =   -1466.63405191 Ry
     estimated scf accuracy    <       1.77049413 Ry

     iteration #  2     ecut=    70.00 Ry     beta= 0.70
     Davidson diagonalization with overlap
     ethr =  4.12E-03,  avg # of iterations =  6.5

     total cpu time spent up to now is       17.6 secs

     total energy              =   -1467.10296805 Ry
     estimated scf accuracy    <       4.02343240 Ry

     iteration #  3     ecut=    70.00 Ry     beta= 0.70
     Davidson diagonalization with overlap
     ethr =  4.12E-03,  avg # of iterations =  2.0

     total cpu time spent up to now is       23.2 secs

     total energy              =   -1467.39295542 Ry
     estimated scf accuracy    <       0.45597499 Ry

     iteration #  4     ecut=    70.00 Ry     beta= 0.70
     Davidson diagonalization with overlap
     ethr =  1.06E-03,  avg # of iterations =  5.4

     total cpu time spent up to now is       29.7 secs

     total energy              =   -1467.77904584 Ry
     estimated scf accuracy    <       0.14235026 Ry

     iteration #  5     ecut=    70.00 Ry     beta= 0.70
     Davidson diagonalization with overlap
     ethr =  3.31E-04,  avg # of iterations =  3.7

     total cpu time spent up to now is       35.5 secs

     total energy              =   -1467.75348026 Ry
     estimated scf accuracy    <       0.08223802 Ry

     iteration #  6     ecut=    70.00 Ry     beta= 0.70
     Davidson diagonalization with overlap
     ethr =  1.91E-04,  avg # of iterations =  5.4

     total cpu time spent up to now is       41.0 secs

     total energy              =   -1467.76160727 Ry
     estimated scf accuracy    <       0.00739278 Ry

     iteration #  7     ecut=    70.00 Ry     beta= 0.70
     Davidson diagonalization with overlap
     c_bands:  1 eigenvalues not converged
     c_bands:  1 eigenvalues not converged
     ethr =  1.72E-05,  avg # of iterations = 14.0

     total cpu time spent up to now is       48.9 secs

     total energy              =   -1467.76710727 Ry
     estimated scf accuracy    <       0.00086906 Ry

     iteration #  8     ecut=    70.00 Ry     beta= 0.70
     Davidson diagonalization with overlap
     c_bands:  1 eigenvalues not converged
     c_bands:  1 eigenvalues not converged
     c_bands:  1 eigenvalues not converged
     ethr =  2.02E-06,  avg # of iterations = 11.5

     total cpu time spent up to now is       55.4 secs

     total energy              =   -1467.76653671 Ry
     estimated scf accuracy    <       0.00164541 Ry

     iteration #  9     ecut=    70.00 Ry     beta= 0.70
     Davidson diagonalization with overlap
     c_bands:  1 eigenvalues not converged
     ethr =  2.02E-06,  avg # of iterations =  7.3

     total cpu time spent up to now is       61.1 secs

     total energy              =   -1467.76656032 Ry
     estimated scf accuracy    <       0.00023769 Ry

     iteration # 10     ecut=    70.00 Ry     beta= 0.70
     Davidson diagonalization with overlap
     ethr =  5.53E-07,  avg # of iterations =  5.0

     total cpu time spent up to now is       67.4 secs

     total energy              =   -1467.76672400 Ry
     estimated scf accuracy    <       0.00014898 Ry

     iteration # 11     ecut=    70.00 Ry     beta= 0.70
     Davidson diagonalization with overlap
     ethr =  3.46E-07,  avg # of iterations =  1.4

     total cpu time spent up to now is       72.6 secs

     total energy              =   -1467.76673632 Ry
     estimated scf accuracy    <       0.00002341 Ry

     iteration # 12     ecut=    70.00 Ry     beta= 0.70
     Davidson diagonalization with overlap
     ethr =  5.44E-08,  avg # of iterations =  4.8

     total cpu time spent up to now is       78.4 secs

     total energy              =   -1467.76674262 Ry
     estimated scf accuracy    <       0.00000590 Ry

     iteration # 13     ecut=    70.00 Ry     beta= 0.70
     Davidson diagonalization with overlap
     ethr =  1.37E-08,  avg # of iterations =  4.4

     total cpu time spent up to now is       83.6 secs

     total energy              =   -1467.76674157 Ry
     estimated scf accuracy    <       0.00000300 Ry

     iteration # 14     ecut=    70.00 Ry     beta= 0.70
     Davidson diagonalization with overlap
     ethr =  6.97E-09,  avg # of iterations =  5.1

     total cpu time spent up to now is       89.4 secs

     total energy              =   -1467.76674331 Ry
     estimated scf accuracy    <       0.00000174 Ry

     iteration # 15     ecut=    70.00 Ry     beta= 0.70
     Davidson diagonalization with overlap
     ethr =  4.04E-09,  avg # of iterations =  1.2

     total cpu time spent up to now is       93.8 secs

     total energy              =   -1467.76674327 Ry
     estimated scf accuracy    <       0.00000131 Ry

     iteration # 16     ecut=    70.00 Ry     beta= 0.70
     Davidson diagonalization with overlap
     ethr =  3.04E-09,  avg # of iterations =  1.0

     total cpu time spent up to now is       98.6 secs

     total energy              =   -1467.76674268 Ry
     estimated scf accuracy    <       0.00000109 Ry

     iteration # 17     ecut=    70.00 Ry     beta= 0.70
     Davidson diagonalization with overlap
     ethr =  2.54E-09,  avg # of iterations =  4.8

     total cpu time spent up to now is      104.6 secs

     total energy              =   -1467.76674301 Ry
     estimated scf accuracy    <       0.00000004 Ry

     iteration # 18     ecut=    70.00 Ry     beta= 0.70
     Davidson diagonalization with overlap
     ethr =  1.03E-10,  avg # of iterations =  6.3

     total cpu time spent up to now is      110.8 secs

     total energy              =   -1467.76674309 Ry
     estimated scf accuracy    <       0.00000014 Ry

     iteration # 19     ecut=    70.00 Ry     beta= 0.70
     Davidson diagonalization with overlap
     ethr =  1.03E-10,  avg # of iterations =  1.4

     total cpu time spent up to now is      115.2 secs

     total energy              =   -1467.76674305 Ry
     estimated scf accuracy    <       0.00000014 Ry

     iteration # 20     ecut=    70.00 Ry     beta= 0.70
     Davidson diagonalization with overlap
     ethr =  1.03E-10,  avg # of iterations =  2.2

     total cpu time spent up to now is      119.9 secs

     total energy              =   -1467.76674301 Ry
     estimated scf accuracy    <       0.00000004 Ry

     iteration # 21     ecut=    70.00 Ry     beta= 0.70
     Davidson diagonalization with overlap
     ethr =  1.03E-10,  avg # of iterations =  5.1

     total cpu time spent up to now is      126.5 secs

     total energy              =   -1467.76674305 Ry
     estimated scf accuracy    <       0.00000013 Ry

     iteration # 22     ecut=    70.00 Ry     beta= 0.70
     Davidson diagonalization with overlap
     ethr =  1.03E-10,  avg # of iterations =  1.3

     total cpu time spent up to now is      131.1 secs

     total energy              =   -1467.76674304 Ry
     estimated scf accuracy    <       0.00000005 Ry

     iteration # 23     ecut=    70.00 Ry     beta= 0.70
     Davidson diagonalization with overlap
     ethr =  1.03E-10,  avg # of iterations =  2.4

     total cpu time spent up to now is      136.7 secs

     End of self-consistent calculation

          k = 0.0000 0.0000 0.0000 (  5743 PWs)   bands (ev):

   -17.3271 -13.1842 -13.1842 -12.8081 -12.8081 -12.8081  -8.8651  -6.5421
    -6.5421  -2.4377  -2.4377  -2.4377   3.2084   4.0488   4.0488   4.0488
     7.6526   7.6526   7.6526   7.8750   7.8750   7.8750  12.9903  12.9903
    14.0298  14.9189

          k = 0.0000 0.0000 0.2000 (  5794 PWs)   bands (ev):

   -17.3189 -13.1840 -13.1304 -12.8111 -12.8111 -12.8081  -8.7678  -6.8529
    -6.5380  -2.4117  -2.4117  -2.3952   1.9412   4.0559   4.0559   5.6904
     7.4642   7.5684   7.5684   7.7963   7.7963   8.0125  13.4464  13.4622
    14.6968  15.0129

          k = 0.0000 0.0000 0.4000 (  5798 PWs)   bands (ev):

   -17.3055 -13.1834 -13.0408 -12.8157 -12.8157 -12.8079  -8.4831  -7.4746
    -6.5314  -2.3687  -2.3687  -2.3445   1.1622   4.0604   4.0604   6.3907
     7.1976   7.4930   7.4930   7.6341   7.6341   9.3714  14.1197  14.2149
    15.1841  15.6862

          k = 0.0000 0.2000 0.2000 (  5794 PWs)   bands (ev):

   -17.3113 -13.1575 -13.1012 -12.8137 -12.8110 -12.8108  -8.6682  -6.9664
    -6.7033  -2.4388  -2.3893  -2.3568   1.0820   4.0933   4.9954   5.9356
     7.1736   7.4745   7.6649   7.6987   7.9788   8.1959  13.7398  13.9676
    14.9104  15.3161

          k = 0.0000 0.2000 0.4000 (  5795 PWs)   bands (ev):

   -17.2990 -13.1483 -13.0175 -12.8178 -12.8155 -12.8107  -8.3739  -7.4960
    -6.7572  -2.4215  -2.3705  -2.3525   0.3636   4.1507   5.3518   6.3277
     7.0664   7.3822   7.5013   7.6025   7.9458   9.6143  14.3315  14.5967
    15.2917  15.4673

          k = 0.0000 0.4000 0.4000 (  5808 PWs)   bands (ev):

   -17.2885 -13.1157 -12.9525 -12.8211 -12.8152 -12.8151  -8.0504  -7.5889
    -7.2244  -2.4708  -2.4435  -2.3259  -0.3716   4.3093   6.1669   6.8545
     7.1303   7.2168   7.2741   7.6814   8.2787  10.6039  14.4753  14.6406
    15.0218  15.1476

          k = 0.2000 0.2000 0.2000 (  5809 PWs)   bands (ev):

   -17.3043 -13.1009 -13.1009 -12.8138 -12.8138 -12.8132  -8.5702  -6.9544
    -6.9544  -2.4463  -2.4463  -2.3165   0.3527   5.0279   5.0279   6.0508
     7.1718   7.1718   7.9046   7.9118   7.9118   8.3679  14.0851  14.0851
    14.8820  15.3395

          k = 0.2000 0.2000 0.4000 (  5816 PWs)   bands (ev):

   -17.2928 -13.1004 -13.0063 -12.8186 -12.8173 -12.8136  -8.2776  -7.5008
    -6.9347  -2.4589  -2.4516  -2.3499  -0.3457   5.0767   5.6836   6.3632
     6.9750   7.2061   7.7670   7.7800   8.0121   9.7874  14.1578  14.5492
    15.1026  15.2104

          k = 0.2000 0.4000 0.4000 (  5802 PWs)   bands (ev):

   -17.2826 -13.0548 -12.9523 -12.8219 -12.8183 -12.8180  -7.9905  -7.5686
    -7.3088  -2.5210  -2.5117  -2.4089  -1.0847   5.4723   6.3836   6.8649
     6.9530   7.1974   7.7520   7.9050   8.2942  10.7005  13.7611  13.8468
    14.4037  15.3736

          k = 0.4000 0.4000 0.4000 (  5800 PWs)   bands (ev):

   -17.2729 -12.9521 -12.9521 -12.8233 -12.8233 -12.8226  -7.8135  -7.5352
    -7.5352  -2.6021  -2.6021  -2.5526  -1.8992   6.7237   6.9028   6.9028
     7.1852   7.1852   8.2350   8.2350   8.3485  11.2515  12.8490  12.8490
    13.4503  16.3018

     the Fermi energy is     9.7434 ev

!    total energy              =   -1467.76674304 Ry
     total all-electron energy =    -59784.858526 Ry
     estimated scf accuracy    <          9.0E-09 Ry
     smearing contrib. (-TS)   =      -0.00136082 Ry
     internal energy E=F+TS    =   -1467.76538222 Ry

     The total energy is F=E-TS. E is the sum of the following terms:
     one-electron contribution =     -84.12510485 Ry
     hartree contribution      =      73.70772236 Ry
     xc contribution           =     -75.27759549 Ry
     ewald contribution        =    -221.76066282 Ry
     one-center paw contrib.   =   -1160.30974142 Ry

     convergence has been achieved in  23 iterations

     Forces acting on atoms (cartesian axes, Ry/au):

     atom    1 type  1   force =     0.00000000    0.00000000    0.00000000
     atom    2 type  2   force =     0.00000000    0.00000000    0.00000000
     atom    3 type  3   force =     0.00000000    0.00000000    0.00000000
     atom    4 type  3   force =     0.00000000    0.00000000    0.00000000
     atom    5 type  3   force =     0.00000000    0.00000000    0.00000000

     Total force =     0.000000     Total SCF correction =     0.000000


     Computing stress (Cartesian axis) and pressure

          total   stress  (Ry/bohr**3)                   (kbar)     P=       -4.89
  -0.00003326   0.00000000   0.00000000           -4.89        0.00        0.00
   0.00000000  -0.00003326   0.00000000            0.00       -4.89        0.00
   0.00000000   0.00000000  -0.00003326            0.00        0.00       -4.89


     BFGS Geometry Optimization
     Energy error            =      0.0E+00 Ry
     Gradient error          =      0.0E+00 Ry/Bohr

     bfgs converged in   1 scf cycles and   0 bfgs steps
     (criteria: energy <  1.0E-10 Ry, force <  1.0E-08 Ry/Bohr)

     End of BFGS Geometry Optimization

     Final energy             =   -1467.7667430403 Ry
Begin final coordinates

ATOMIC_POSITIONS (angstrom)
Ba            2.2150000000        2.2150000000        2.2150000000
Bi            0.0000000000        0.0000000000        0.0000000000
O             0.0000000000        0.0000000000        2.2150000000
O             2.2150000000        0.0000000000        0.0000000000
O             0.0000000000        2.2150000000        0.0000000000
End final coordinates



     init_run     :      4.00s CPU      4.67s WALL (       1 calls)
     electrons    :    116.77s CPU    130.98s WALL (       1 calls)
     forces       :      1.65s CPU      1.95s WALL (       1 calls)
     stress       :      7.58s CPU      8.04s WALL (       1 calls)

     Called by init_run:
     wfcinit      :      1.02s CPU      1.07s WALL (       1 calls)
     potinit      :      0.83s CPU      0.91s WALL (       1 calls)
     hinit0       :      1.51s CPU      1.63s WALL (       1 calls)

     Called by electrons:
     c_bands      :     63.74s CPU     66.08s WALL (      23 calls)
     sum_band     :     24.60s CPU     30.37s WALL (      23 calls)
     v_of_rho     :      2.86s CPU      2.96s WALL (      24 calls)
     newd         :     12.96s CPU     18.90s WALL (      24 calls)
     PAW_pot      :     12.96s CPU     13.41s WALL (      24 calls)
     mix_rho      :      0.51s CPU      0.52s WALL (      23 calls)

     Called by c_bands:
     init_us_2    :      1.30s CPU      1.36s WALL (     490 calls)
     init_us_2:cp :      1.29s CPU      1.35s WALL (     490 calls)
     cegterg      :     60.68s CPU     62.91s WALL (     230 calls)

     Called by *egterg:
     cdiaghg      :      1.61s CPU      1.68s WALL (    1272 calls)
     h_psi        :     48.21s CPU     49.97s WALL (    1282 calls)
     s_psi        :      2.17s CPU      2.25s WALL (    1282 calls)
     g_psi        :      0.26s CPU      0.27s WALL (    1042 calls)

     Called by h_psi:
     h_psi:calbec :      2.66s CPU      2.75s WALL (    1282 calls)
     vloc_psi     :     42.88s CPU     44.47s WALL (    1282 calls)
     add_vuspsi   :      2.42s CPU      2.48s WALL (    1282 calls)

     General routines
     calbec       :      3.65s CPU      3.79s WALL (    1562 calls)
     fft          :      2.08s CPU      2.18s WALL (     335 calls)
     ffts         :      0.18s CPU      0.18s WALL (      47 calls)
     fftw         :     45.79s CPU     47.45s WALL (   38398 calls)
     interpolate  :      0.27s CPU      0.28s WALL (      24 calls)

     Parallel routines

     PWSCF        :   2m10.95s CPU   2m26.72s WALL


   This run was terminated on:  18:42:12   6May2024            

=------------------------------------------------------------------------------=
   JOB DONE.
=------------------------------------------------------------------------------=
